Archive member included to satisfy reference by file (symbol)

/opt/st/stm32cubeide_1.4.0/plugins/com.st.stm32cube.ide.mcu.externaltools.gnu-tools-for-stm32.7-2018-q2-update.linux64_1.4.0.202007081208/tools/bin/../lib/gcc/arm-none-eabi/7.3.1/../../../../arm-none-eabi/lib/thumb/v6-m/libc_nano.a(lib_a-errno.o)
                              Core/Src/syscalls.o (__errno)
/opt/st/stm32cubeide_1.4.0/plugins/com.st.stm32cube.ide.mcu.externaltools.gnu-tools-for-stm32.7-2018-q2-update.linux64_1.4.0.202007081208/tools/bin/../lib/gcc/arm-none-eabi/7.3.1/../../../../arm-none-eabi/lib/thumb/v6-m/libc_nano.a(lib_a-exit.o)
                              /opt/st/stm32cubeide_1.4.0/plugins/com.st.stm32cube.ide.mcu.externaltools.gnu-tools-for-stm32.7-2018-q2-update.linux64_1.4.0.202007081208/tools/bin/../lib/gcc/arm-none-eabi/7.3.1/../../../../arm-none-eabi/lib/thumb/v6-m/crt0.o (exit)
/opt/st/stm32cubeide_1.4.0/plugins/com.st.stm32cube.ide.mcu.externaltools.gnu-tools-for-stm32.7-2018-q2-update.linux64_1.4.0.202007081208/tools/bin/../lib/gcc/arm-none-eabi/7.3.1/../../../../arm-none-eabi/lib/thumb/v6-m/libc_nano.a(lib_a-impure.o)
                              /opt/st/stm32cubeide_1.4.0/plugins/com.st.stm32cube.ide.mcu.externaltools.gnu-tools-for-stm32.7-2018-q2-update.linux64_1.4.0.202007081208/tools/bin/../lib/gcc/arm-none-eabi/7.3.1/../../../../arm-none-eabi/lib/thumb/v6-m/libc_nano.a(lib_a-exit.o) (_global_impure_ptr)
/opt/st/stm32cubeide_1.4.0/plugins/com.st.stm32cube.ide.mcu.externaltools.gnu-tools-for-stm32.7-2018-q2-update.linux64_1.4.0.202007081208/tools/bin/../lib/gcc/arm-none-eabi/7.3.1/../../../../arm-none-eabi/lib/thumb/v6-m/libc_nano.a(lib_a-init.o)
                              /opt/st/stm32cubeide_1.4.0/plugins/com.st.stm32cube.ide.mcu.externaltools.gnu-tools-for-stm32.7-2018-q2-update.linux64_1.4.0.202007081208/tools/bin/../lib/gcc/arm-none-eabi/7.3.1/../../../../arm-none-eabi/lib/thumb/v6-m/crt0.o (__libc_init_array)
/opt/st/stm32cubeide_1.4.0/plugins/com.st.stm32cube.ide.mcu.externaltools.gnu-tools-for-stm32.7-2018-q2-update.linux64_1.4.0.202007081208/tools/bin/../lib/gcc/arm-none-eabi/7.3.1/../../../../arm-none-eabi/lib/thumb/v6-m/libc_nano.a(lib_a-memset.o)
                              /opt/st/stm32cubeide_1.4.0/plugins/com.st.stm32cube.ide.mcu.externaltools.gnu-tools-for-stm32.7-2018-q2-update.linux64_1.4.0.202007081208/tools/bin/../lib/gcc/arm-none-eabi/7.3.1/../../../../arm-none-eabi/lib/thumb/v6-m/crt0.o (memset)
/opt/st/stm32cubeide_1.4.0/plugins/com.st.stm32cube.ide.mcu.externaltools.gnu-tools-for-stm32.7-2018-q2-update.linux64_1.4.0.202007081208/tools/bin/../lib/gcc/arm-none-eabi/7.3.1/thumb/v6-m/libgcc.a(_udivsi3.o)
                              Core/Src/system_stm32f0xx.o (__aeabi_uidiv)
/opt/st/stm32cubeide_1.4.0/plugins/com.st.stm32cube.ide.mcu.externaltools.gnu-tools-for-stm32.7-2018-q2-update.linux64_1.4.0.202007081208/tools/bin/../lib/gcc/arm-none-eabi/7.3.1/thumb/v6-m/libgcc.a(_divsi3.o)
                              Core/Src/tft.o (__aeabi_idiv)
/opt/st/stm32cubeide_1.4.0/plugins/com.st.stm32cube.ide.mcu.externaltools.gnu-tools-for-stm32.7-2018-q2-update.linux64_1.4.0.202007081208/tools/bin/../lib/gcc/arm-none-eabi/7.3.1/thumb/v6-m/libgcc.a(_dvmd_tls.o)
                              /opt/st/stm32cubeide_1.4.0/plugins/com.st.stm32cube.ide.mcu.externaltools.gnu-tools-for-stm32.7-2018-q2-update.linux64_1.4.0.202007081208/tools/bin/../lib/gcc/arm-none-eabi/7.3.1/thumb/v6-m/libgcc.a(_udivsi3.o) (__aeabi_idiv0)

Allocating common symbols
Common symbol       size              file

_lcd_drivOut        0x2               Core/Src/tft.o
_MW                 0x2               Core/Src/tft.o
_lcd_capable        0x2               Core/Src/tft.o
_SP                 0x2               Core/Src/tft.o
_lcd_rev            0x2               Core/Src/tft.o
uwTick              0x4               Drivers/STM32F0xx_HAL_Driver/Src/stm32f0xx_hal.o
pFlash              0x20              Drivers/STM32F0xx_HAL_Driver/Src/stm32f0xx_hal_flash.o
_MP                 0x2               Core/Src/tft.o
gfxFont             0x4               Core/Src/fonts.o
_MC                 0x2               Core/Src/tft.o
_SC                 0x2               Core/Src/tft.o
_EP                 0x2               Core/Src/tft.o
htim1               0x48              Core/Src/main.o
_lcd_ID             0x2               Core/Src/tft.o
_EC                 0x2               Core/Src/tft.o
_lcd_madctl         0x2               Core/Src/tft.o

Discarded input sections

 .text          0x0000000000000000        0x0 /opt/st/stm32cubeide_1.4.0/plugins/com.st.stm32cube.ide.mcu.externaltools.gnu-tools-for-stm32.7-2018-q2-update.linux64_1.4.0.202007081208/tools/bin/../lib/gcc/arm-none-eabi/7.3.1/thumb/v6-m/crti.o
 .data          0x0000000000000000        0x0 /opt/st/stm32cubeide_1.4.0/plugins/com.st.stm32cube.ide.mcu.externaltools.gnu-tools-for-stm32.7-2018-q2-update.linux64_1.4.0.202007081208/tools/bin/../lib/gcc/arm-none-eabi/7.3.1/thumb/v6-m/crti.o
[...]
Memory Configuration

Name             Origin             Length             Attributes
RAM              0x0000000020000000 0x0000000000004000 xrw
FLASH            0x0000000008000000 0x0000000000020000 xr
*default*        0x0000000000000000 0xffffffffffffffff

Linker script and memory map

LOAD /opt/st/stm32cubeide_1.4.0/plugins/com.st.stm32cube.ide.mcu.externaltools.gnu-tools-for-stm32.7-2018-q2-update.linux64_1.4.0.202007081208/tools/bin/../lib/gcc/arm-none-eabi/7.3.1/thumb/v6-m/crti.o
LOAD /opt/st/stm32cubeide_1.4.0/plugins/com.st.stm32cube.ide.mcu.externaltools.gnu-tools-for-stm32.7-2018-q2-update.linux64_1.4.0.202007081208/tools/bin/../lib/gcc/arm-none-eabi/7.3.1/thumb/v6-m/crtbegin.o
LOAD /opt/st/stm32cubeide_1.4.0/plugins/com.st.stm32cube.ide.mcu.externaltools.gnu-tools-for-stm32.7-2018-q2-update.linux64_1.4.0.202007081208/tools/bin/../lib/gcc/arm-none-eabi/7.3.1/../../../../arm-none-eabi/lib/thumb/v6-m/crt0.o
LOAD Core/Src/fonts.o
LOAD Core/Src/main.o
LOAD Core/Src/stm32f0xx_hal_msp.o
LOAD Core/Src/stm32f0xx_it.o
LOAD Core/Src/syscalls.o
LOAD Core/Src/sysmem.o
LOAD Core/Src/system_stm32f0xx.o
LOAD Core/Src/tft.o
LOAD Core/Startup/startup_stm32f072rbtx.o
LOAD Drivers/STM32F0xx_HAL_Driver/Src/stm32f0xx_hal.o
LOAD Drivers/STM32F0xx_HAL_Driver/Src/stm32f0xx_hal_cortex.o
LOAD Drivers/STM32F0xx_HAL_Driver/Src/stm32f0xx_hal_dma.o
LOAD Drivers/STM32F0xx_HAL_Driver/Src/stm32f0xx_hal_exti.o
LOAD Drivers/STM32F0xx_HAL_Driver/Src/stm32f0xx_hal_flash.o
LOAD Drivers/STM32F0xx_HAL_Driver/Src/stm32f0xx_hal_flash_ex.o
LOAD Drivers/STM32F0xx_HAL_Driver/Src/stm32f0xx_hal_gpio.o
LOAD Drivers/STM32F0xx_HAL_Driver/Src/stm32f0xx_hal_i2c.o
LOAD Drivers/STM32F0xx_HAL_Driver/Src/stm32f0xx_hal_i2c_ex.o
LOAD Drivers/STM32F0xx_HAL_Driver/Src/stm32f0xx_hal_pwr.o
LOAD Drivers/STM32F0xx_HAL_Driver/Src/stm32f0xx_hal_pwr_ex.o
LOAD Drivers/STM32F0xx_HAL_Driver/Src/stm32f0xx_hal_rcc.o
LOAD Drivers/STM32F0xx_HAL_Driver/Src/stm32f0xx_hal_rcc_ex.o
LOAD Drivers/STM32F0xx_HAL_Driver/Src/stm32f0xx_hal_tim.o
LOAD Drivers/STM32F0xx_HAL_Driver/Src/stm32f0xx_hal_tim_ex.o
START GROUP
LOAD /opt/st/stm32cubeide_1.4.0/plugins/com.st.stm32cube.ide.mcu.externaltools.gnu-tools-for-stm32.7-2018-q2-update.linux64_1.4.0.202007081208/tools/bin/../lib/gcc/arm-none-eabi/7.3.1/../../../../arm-none-eabi/lib/thumb/v6-m/libc_nano.a
LOAD /opt/st/stm32cubeide_1.4.0/plugins/com.st.stm32cube.ide.mcu.externaltools.gnu-tools-for-stm32.7-2018-q2-update.linux64_1.4.0.202007081208/tools/bin/../lib/gcc/arm-none-eabi/7.3.1/../../../../arm-none-eabi/lib/thumb/v6-m/libm.a
END GROUP
START GROUP
LOAD /opt/st/stm32cubeide_1.4.0/plugins/com.st.stm32cube.ide.mcu.externaltools.gnu-tools-for-stm32.7-2018-q2-update.linux64_1.4.0.202007081208/tools/bin/../lib/gcc/arm-none-eabi/7.3.1/thumb/v6-m/libgcc.a
LOAD /opt/st/stm32cubeide_1.4.0/plugins/com.st.stm32cube.ide.mcu.externaltools.gnu-tools-for-stm32.7-2018-q2-update.linux64_1.4.0.202007081208/tools/bin/../lib/gcc/arm-none-eabi/7.3.1/../../../../arm-none-eabi/lib/thumb/v6-m/libc_nano.a
END GROUP
START GROUP
LOAD /opt/st/stm32cubeide_1.4.0/plugins/com.st.stm32cube.ide.mcu.externaltools.gnu-tools-for-stm32.7-2018-q2-update.linux64_1.4.0.202007081208/tools/bin/../lib/gcc/arm-none-eabi/7.3.1/thumb/v6-m/libgcc.a
LOAD /opt/st/stm32cubeide_1.4.0/plugins/com.st.stm32cube.ide.mcu.externaltools.gnu-tools-for-stm32.7-2018-q2-update.linux64_1.4.0.202007081208/tools/bin/../lib/gcc/arm-none-eabi/7.3.1/../../../../arm-none-eabi/lib/thumb/v6-m/libc_nano.a
LOAD /opt/st/stm32cubeide_1.4.0/plugins/com.st.stm32cube.ide.mcu.externaltools.gnu-tools-for-stm32.7-2018-q2-update.linux64_1.4.0.202007081208/tools/bin/../lib/gcc/arm-none-eabi/7.3.1/../../../../arm-none-eabi/lib/thumb/v6-m/libnosys.a
END GROUP
START GROUP
LOAD /opt/st/stm32cubeide_1.4.0/plugins/com.st.stm32cube.ide.mcu.externaltools.gnu-tools-for-stm32.7-2018-q2-update.linux64_1.4.0.202007081208/tools/bin/../lib/gcc/arm-none-eabi/7.3.1/thumb/v6-m/libgcc.a
LOAD /opt/st/stm32cubeide_1.4.0/plugins/com.st.stm32cube.ide.mcu.externaltools.gnu-tools-for-stm32.7-2018-q2-update.linux64_1.4.0.202007081208/tools/bin/../lib/gcc/arm-none-eabi/7.3.1/../../../../arm-none-eabi/lib/thumb/v6-m/libc_nano.a
LOAD /opt/st/stm32cubeide_1.4.0/plugins/com.st.stm32cube.ide.mcu.externaltools.gnu-tools-for-stm32.7-2018-q2-update.linux64_1.4.0.202007081208/tools/bin/../lib/gcc/arm-none-eabi/7.3.1/../../../../arm-none-eabi/lib/thumb/v6-m/libnosys.a
END GROUP
LOAD /opt/st/stm32cubeide_1.4.0/plugins/com.st.stm32cube.ide.mcu.externaltools.gnu-tools-for-stm32.7-2018-q2-update.linux64_1.4.0.202007081208/tools/bin/../lib/gcc/arm-none-eabi/7.3.1/thumb/v6-m/crtend.o
LOAD /opt/st/stm32cubeide_1.4.0/plugins/com.st.stm32cube.ide.mcu.externaltools.gnu-tools-for-stm32.7-2018-q2-update.linux64_1.4.0.202007081208/tools/bin/../lib/gcc/arm-none-eabi/7.3.1/thumb/v6-m/crtn.o
                0x0000000020004000                _estack = (ORIGIN (RAM) + LENGTH (RAM))
                0x0000000000000200                _Min_Heap_Size = 0x200
                0x0000000000000400                _Min_Stack_Size = 0x400

.isr_vector     0x0000000008000000       0xc0
                0x0000000008000000                . = ALIGN (0x4)
 *(.isr_vector)
 .isr_vector    0x0000000008000000       0xc0 Core/Startup/startup_stm32f072rbtx.o
                0x0000000008000000                g_pfnVectors
                0x00000000080000c0                . = ALIGN (0x4)

.text           0x00000000080000c0     0x42e8
                0x00000000080000c0                . = ALIGN (0x4)
 *(.text)
 .text          0x00000000080000c0       0x48 /opt/st/stm32cubeide_1.4.0/plugins/com.st.stm32cube.ide.mcu.externaltools.gnu-tools-for-stm32.7-2018-q2-update.linux64_1.4.0.202007081208/tools/bin/../lib/gcc/arm-none-eabi/7.3.1/thumb/v6-m/crtbegin.o
 .text          0x0000000008000108      0x114 /opt/st/stm32cubeide_1.4.0/plugins/com.st.stm32cube.ide.mcu.externaltools.gnu-tools-for-stm32.7-2018-q2-update.linux64_1.4.0.202007081208/tools/bin/../lib/gcc/arm-none-eabi/7.3.1/thumb/v6-m/libgcc.a(_udivsi3.o)
                0x0000000008000108                __udivsi3
                0x0000000008000108                __aeabi_uidiv
                0x0000000008000214                __aeabi_uidivmod
 .text          0x000000000800021c        0x4 /opt/st/stm32cubeide_1.4.0/plugins/com.st.stm32cube.ide.mcu.externaltools.gnu-tools-for-stm32.7-2018-q2-update.linux64_1.4.0.202007081208/tools/bin/../lib/gcc/arm-none-eabi/7.3.1/thumb/v6-m/libgcc.a(_dvmd_tls.o)
                0x000000000800021c                __aeabi_ldiv0
                0x000000000800021c                __aeabi_idiv0
 *(.text*)
 .text.main     0x0000000008000220       0x80 Core/Src/main.o
                0x0000000008000220                main
 .text.SystemClock_Config
                0x00000000080002a0       0x78 Core/Src/main.o
                0x00000000080002a0                SystemClock_Config
 .text.MX_TIM1_Init
                0x0000000008000318       0xdc Core/Src/main.o
 .text.MX_GPIO_Init
                0x00000000080003f4      0x11c Core/Src/main.o
 .text.Error_Handler
                0x0000000008000510        0xa Core/Src/main.o
                0x0000000008000510                Error_Handler
 *fill*         0x000000000800051a        0x2 
 .text.HAL_MspInit
                0x000000000800051c       0x48 Core/Src/stm32f0xx_hal_msp.o
                0x000000000800051c                HAL_MspInit
 .text.HAL_TIM_Base_MspInit
                0x0000000008000564       0x40 Core/Src/stm32f0xx_hal_msp.o
                0x0000000008000564                HAL_TIM_Base_MspInit
 .text.NMI_Handler
                0x00000000080005a4        0xa Core/Src/stm32f0xx_it.o
                0x00000000080005a4                NMI_Handler
 .text.HardFault_Handler
                0x00000000080005ae        0x6 Core/Src/stm32f0xx_it.o
                0x00000000080005ae                HardFault_Handler
 .text.SVC_Handler
                0x00000000080005b4        0xa Core/Src/stm32f0xx_it.o
                0x00000000080005b4                SVC_Handler
 .text.PendSV_Handler
                0x00000000080005be        0xa Core/Src/stm32f0xx_it.o
                0x00000000080005be                PendSV_Handler
 .text.SysTick_Handler
                0x00000000080005c8        0xe Core/Src/stm32f0xx_it.o
                0x00000000080005c8                SysTick_Handler
 .text.SystemInit
                0x00000000080005d6        0xa Core/Src/system_stm32f0xx.o
                0x00000000080005d6                SystemInit
 .text.delay    0x00000000080005e0       0x2c Core/Src/tft.o
                0x00000000080005e0                delay
 .text.PIN_INPUT
                0x000000000800060c       0x38 Core/Src/tft.o
                0x000000000800060c                PIN_INPUT
 .text.PIN_OUTPUT
                0x0000000008000644       0x3e Core/Src/tft.o
                0x0000000008000644                PIN_OUTPUT
 *fill*         0x0000000008000682        0x2 
 .text.width    0x0000000008000684       0x14 Core/Src/tft.o
                0x0000000008000684                width
 .text.height   0x0000000008000698       0x14 Core/Src/tft.o
                0x0000000008000698                height
 .text.WriteCmdData
                0x00000000080006ac       0x2a Core/Src/tft.o
                0x00000000080006ac                WriteCmdData
 *fill*         0x00000000080006d6        0x2 
 .text.setReadDir
                0x00000000080006d8       0x78 Core/Src/tft.o
                0x00000000080006d8                setReadDir
 .text.setWriteDir
                0x0000000008000750       0x78 Core/Src/tft.o
                0x0000000008000750                setWriteDir
 .text.writecmddata
                0x00000000080007c8      0x360 Core/Src/tft.o
 .text.WriteCmdParamN
                0x0000000008000b28      0x2b8 Core/Src/tft.o
 .text.WriteCmdParam4
                0x0000000008000de0       0x62 Core/Src/tft.o
 .text.init_table
                0x0000000008000e42       0xc8 Core/Src/tft.o
 *fill*         0x0000000008000f0a        0x2 
 .text.reset    0x0000000008000f0c       0x88 Core/Src/tft.o
                0x0000000008000f0c                reset
 .text.read16bits
                0x0000000008000f94      0x1fc Core/Src/tft.o
 .text.readReg  0x0000000008001190      0x22c Core/Src/tft.o
                0x0000000008001190                readReg
 .text.readReg32
                0x00000000080013bc       0x48 Core/Src/tft.o
                0x00000000080013bc                readReg32
 .text.tft_init
                0x0000000008001404       0xb4 Core/Src/tft.o
                0x0000000008001404                tft_init
 .text.readID   0x00000000080014b8       0x14 Core/Src/tft.o
                0x00000000080014b8                readID
 .text.setRotation
                0x00000000080014cc      0x2c4 Core/Src/tft.o
                0x00000000080014cc                setRotation
 .text.drawPixel
                0x0000000008001790       0x90 Core/Src/tft.o
                0x0000000008001790                drawPixel
 .text.setAddrWindow
                0x0000000008001820      0x194 Core/Src/tft.o
                0x0000000008001820                setAddrWindow
 .text.vertScroll
                0x00000000080019b4      0x19c Core/Src/tft.o
                0x00000000080019b4                vertScroll
 .text.fillScreen
                0x0000000008001b50       0x38 Core/Src/tft.o
                0x0000000008001b50                fillScreen
 .text.invertDisplay
                0x0000000008001b88       0x70 Core/Src/tft.o
                0x0000000008001b88                invertDisplay
 .text.drawFastVLine
                0x0000000008001bf8       0x4e Core/Src/tft.o
                0x0000000008001bf8                drawFastVLine
 .text.writePixel
                0x0000000008001c46       0x3c Core/Src/tft.o
                0x0000000008001c46                writePixel
 .text.drawCircle
                0x0000000008001c82      0x2a0 Core/Src/tft.o
                0x0000000008001c82                drawCircle
 .text.fillCircle
                0x0000000008001f22       0x7c Core/Src/tft.o
                0x0000000008001f22                fillCircle
 .text.fillCircleHelper
                0x0000000008001f9e      0x27a Core/Src/tft.o
                0x0000000008001f9e                fillCircleHelper
 .text.fillRect
                0x0000000008002218      0x568 Core/Src/tft.o
                0x0000000008002218                fillRect
 .text.testFilledCircles
                0x0000000008002780       0x7e Core/Src/tft.o
                0x0000000008002780                testFilledCircles
 .text.testCircles
                0x00000000080027fe       0x84 Core/Src/tft.o
                0x00000000080027fe                testCircles
 *fill*         0x0000000008002882        0x2 
 .text.drawChar
                0x0000000008002884      0x230 Core/Src/tft.o
                0x0000000008002884                drawChar
 .text.write    0x0000000008002ab4      0x17c Core/Src/tft.o
                0x0000000008002ab4                write
 .text.setFont  0x0000000008002c30       0x50 Core/Src/tft.o
                0x0000000008002c30                setFont
 .text.printnewtstr
                0x0000000008002c80       0x78 Core/Src/tft.o
                0x0000000008002c80                printnewtstr
 .text.setCursor
                0x0000000008002cf8       0x38 Core/Src/tft.o
                0x0000000008002cf8                setCursor
 .text.getRotation
                0x0000000008002d30       0x14 Core/Src/tft.o
                0x0000000008002d30                getRotation
 .text.scrollup
                0x0000000008002d44       0xa4 Core/Src/tft.o
                0x0000000008002d44                scrollup
 .text.Reset_Handler
                0x0000000008002de8       0x50 Core/Startup/startup_stm32f072rbtx.o
                0x0000000008002de8                Reset_Handler
 .text.Default_Handler
                0x0000000008002e38        0x2 Core/Startup/startup_stm32f072rbtx.o
                0x0000000008002e38                TIM1_CC_IRQHandler
                0x0000000008002e38                TSC_IRQHandler
                0x0000000008002e38                ADC1_COMP_IRQHandler
                0x0000000008002e38                I2C1_IRQHandler
                0x0000000008002e38                RCC_CRS_IRQHandler
                0x0000000008002e38                SPI1_IRQHandler
                0x0000000008002e38                TIM6_DAC_IRQHandler
                0x0000000008002e38                USART3_4_IRQHandler
                0x0000000008002e38                EXTI2_3_IRQHandler
                0x0000000008002e38                I2C2_IRQHandler
                0x0000000008002e38                TIM17_IRQHandler
                0x0000000008002e38                CEC_CAN_IRQHandler
                0x0000000008002e38                RTC_IRQHandler
                0x0000000008002e38                PVD_VDDIO2_IRQHandler
                0x0000000008002e38                DMA1_Channel4_5_6_7_IRQHandler
                0x0000000008002e38                TIM16_IRQHandler
                0x0000000008002e38                TIM3_IRQHandler
                0x0000000008002e38                EXTI4_15_IRQHandler
                0x0000000008002e38                DMA1_Channel1_IRQHandler
                0x0000000008002e38                Default_Handler
                0x0000000008002e38                TIM14_IRQHandler
                0x0000000008002e38                TIM7_IRQHandler
                0x0000000008002e38                TIM15_IRQHandler
                0x0000000008002e38                EXTI0_1_IRQHandler
                0x0000000008002e38                USB_IRQHandler
                0x0000000008002e38                SPI2_IRQHandler
                0x0000000008002e38                WWDG_IRQHandler
                0x0000000008002e38                TIM2_IRQHandler
                0x0000000008002e38                DMA1_Channel2_3_IRQHandler
                0x0000000008002e38                USART2_IRQHandler
                0x0000000008002e38                FLASH_IRQHandler
                0x0000000008002e38                USART1_IRQHandler
                0x0000000008002e38                TIM1_BRK_UP_TRG_COM_IRQHandler
 *fill*         0x0000000008002e3a        0x2 
 .text.HAL_Init
                0x0000000008002e3c       0x28 Drivers/STM32F0xx_HAL_Driver/Src/stm32f0xx_hal.o
                0x0000000008002e3c                HAL_Init
 .text.HAL_InitTick
                0x0000000008002e64       0x68 Drivers/STM32F0xx_HAL_Driver/Src/stm32f0xx_hal.o
                0x0000000008002e64                HAL_InitTick
 .text.HAL_IncTick
                0x0000000008002ecc       0x24 Drivers/STM32F0xx_HAL_Driver/Src/stm32f0xx_hal.o
                0x0000000008002ecc                HAL_IncTick
 .text.HAL_GetTick
                0x0000000008002ef0       0x14 Drivers/STM32F0xx_HAL_Driver/Src/stm32f0xx_hal.o
                0x0000000008002ef0                HAL_GetTick
 .text.HAL_Delay
                0x0000000008002f04       0x44 Drivers/STM32F0xx_HAL_Driver/Src/stm32f0xx_hal.o
                0x0000000008002f04                HAL_Delay
 .text.__NVIC_SetPriority
                0x0000000008002f48       0xdc Drivers/STM32F0xx_HAL_Driver/Src/stm32f0xx_hal_cortex.o
 .text.SysTick_Config
                0x0000000008003024       0x48 Drivers/STM32F0xx_HAL_Driver/Src/stm32f0xx_hal_cortex.o
 .text.HAL_NVIC_SetPriority
                0x000000000800306c       0x2a Drivers/STM32F0xx_HAL_Driver/Src/stm32f0xx_hal_cortex.o
                0x000000000800306c                HAL_NVIC_SetPriority
 .text.HAL_SYSTICK_Config
                0x0000000008003096       0x1a Drivers/STM32F0xx_HAL_Driver/Src/stm32f0xx_hal_cortex.o
                0x0000000008003096                HAL_SYSTICK_Config
 .text.HAL_GPIO_Init
                0x00000000080030b0      0x2f0 Drivers/STM32F0xx_HAL_Driver/Src/stm32f0xx_hal_gpio.o
                0x00000000080030b0                HAL_GPIO_Init
 .text.HAL_GPIO_WritePin
                0x00000000080033a0       0x3a Drivers/STM32F0xx_HAL_Driver/Src/stm32f0xx_hal_gpio.o
                0x00000000080033a0                HAL_GPIO_WritePin
 *fill*         0x00000000080033da        0x2 
 .text.HAL_RCC_OscConfig
                0x00000000080033dc      0x70c Drivers/STM32F0xx_HAL_Driver/Src/stm32f0xx_hal_rcc.o
                0x00000000080033dc                HAL_RCC_OscConfig
 .text.HAL_RCC_ClockConfig
                0x0000000008003ae8      0x1b4 Drivers/STM32F0xx_HAL_Driver/Src/stm32f0xx_hal_rcc.o
                0x0000000008003ae8                HAL_RCC_ClockConfig
 .text.HAL_RCC_GetSysClockFreq
                0x0000000008003c9c       0xfc Drivers/STM32F0xx_HAL_Driver/Src/stm32f0xx_hal_rcc.o
                0x0000000008003c9c                HAL_RCC_GetSysClockFreq
 .text.HAL_TIM_Base_Init
                0x0000000008003d98       0xa0 Drivers/STM32F0xx_HAL_Driver/Src/stm32f0xx_hal_tim.o
                0x0000000008003d98                HAL_TIM_Base_Init
 .text.HAL_TIM_Base_Start
                0x0000000008003e38       0x94 Drivers/STM32F0xx_HAL_Driver/Src/stm32f0xx_hal_tim.o
                0x0000000008003e38                HAL_TIM_Base_Start
 .text.HAL_TIM_ConfigClockSource
                0x0000000008003ecc      0x17c Drivers/STM32F0xx_HAL_Driver/Src/stm32f0xx_hal_tim.o
                0x0000000008003ecc                HAL_TIM_ConfigClockSource
 .text.TIM_Base_SetConfig
                0x0000000008004048      0x100 Drivers/STM32F0xx_HAL_Driver/Src/stm32f0xx_hal_tim.o
                0x0000000008004048                TIM_Base_SetConfig
 .text.TIM_TI1_ConfigInputStage
                0x0000000008004148       0x5c Drivers/STM32F0xx_HAL_Driver/Src/stm32f0xx_hal_tim.o
 .text.TIM_TI2_ConfigInputStage
                0x00000000080041a4       0x64 Drivers/STM32F0xx_HAL_Driver/Src/stm32f0xx_hal_tim.o
 .text.TIM_ITRx_SetConfig
                0x0000000008004208       0x32 Drivers/STM32F0xx_HAL_Driver/Src/stm32f0xx_hal_tim.o
 *fill*         0x000000000800423a        0x2 
 .text.TIM_ETR_SetConfig
                0x000000000800423c       0x40 Drivers/STM32F0xx_HAL_Driver/Src/stm32f0xx_hal_tim.o
                0x000000000800423c                TIM_ETR_SetConfig
 .text.HAL_TIMEx_MasterConfigSynchronization
                0x000000000800427c       0xbc Drivers/STM32F0xx_HAL_Driver/Src/stm32f0xx_hal_tim_ex.o
                0x000000000800427c                HAL_TIMEx_MasterConfigSynchronization
 .text.__libc_init_array
                0x0000000008004338       0x48 /opt/st/stm32cubeide_1.4.0/plugins/com.st.stm32cube.ide.mcu.externaltools.gnu-tools-for-stm32.7-2018-q2-update.linux64_1.4.0.202007081208/tools/bin/../lib/gcc/arm-none-eabi/7.3.1/../../../../arm-none-eabi/lib/thumb/v6-m/libc_nano.a(lib_a-init.o)
                0x0000000008004338                __libc_init_array
 .text.memset   0x0000000008004380       0x10 /opt/st/stm32cubeide_1.4.0/plugins/com.st.stm32cube.ide.mcu.externaltools.gnu-tools-for-stm32.7-2018-q2-update.linux64_1.4.0.202007081208/tools/bin/../lib/gcc/arm-none-eabi/7.3.1/../../../../arm-none-eabi/lib/thumb/v6-m/libc_nano.a(lib_a-memset.o)
                0x0000000008004380                memset
 *(.glue_7)
 .glue_7        0x0000000008004390        0x0 linker stubs
 *(.glue_7t)
 .glue_7t       0x0000000008004390        0x0 linker stubs
 *(.eh_frame)
 .eh_frame      0x0000000008004390        0x0 /opt/st/stm32cubeide_1.4.0/plugins/com.st.stm32cube.ide.mcu.externaltools.gnu-tools-for-stm32.7-2018-q2-update.linux64_1.4.0.202007081208/tools/bin/../lib/gcc/arm-none-eabi/7.3.1/thumb/v6-m/crtbegin.o
 *(.init)
 .init          0x0000000008004390        0x4 /opt/st/stm32cubeide_1.4.0/plugins/com.st.stm32cube.ide.mcu.externaltools.gnu-tools-for-stm32.7-2018-q2-update.linux64_1.4.0.202007081208/tools/bin/../lib/gcc/arm-none-eabi/7.3.1/thumb/v6-m/crti.o
                0x0000000008004390                _init
 .init          0x0000000008004394        0x8 /opt/st/stm32cubeide_1.4.0/plugins/com.st.stm32cube.ide.mcu.externaltools.gnu-tools-for-stm32.7-2018-q2-update.linux64_1.4.0.202007081208/tools/bin/../lib/gcc/arm-none-eabi/7.3.1/thumb/v6-m/crtn.o
 *(.fini)
 .fini          0x000000000800439c        0x4 /opt/st/stm32cubeide_1.4.0/plugins/com.st.stm32cube.ide.mcu.externaltools.gnu-tools-for-stm32.7-2018-q2-update.linux64_1.4.0.202007081208/tools/bin/../lib/gcc/arm-none-eabi/7.3.1/thumb/v6-m/crti.o
                0x000000000800439c                _fini
 .fini          0x00000000080043a0        0x8 /opt/st/stm32cubeide_1.4.0/plugins/com.st.stm32cube.ide.mcu.externaltools.gnu-tools-for-stm32.7-2018-q2-update.linux64_1.4.0.202007081208/tools/bin/../lib/gcc/arm-none-eabi/7.3.1/thumb/v6-m/crtn.o
                0x00000000080043a8                . = ALIGN (0x4)
                0x00000000080043a8                _etext = .

.vfp11_veneer   0x00000000080043a8        0x0
 .vfp11_veneer  0x00000000080043a8        0x0 linker stubs

.v4_bx          0x00000000080043a8        0x0
 .v4_bx         0x00000000080043a8        0x0 linker stubs

.iplt           0x00000000080043a8        0x0
 .iplt          0x00000000080043a8        0x0 /opt/st/stm32cubeide_1.4.0/plugins/com.st.stm32cube.ide.mcu.externaltools.gnu-tools-for-stm32.7-2018-q2-update.linux64_1.4.0.202007081208/tools/bin/../lib/gcc/arm-none-eabi/7.3.1/thumb/v6-m/crtbegin.o

.rodata         0x00000000080043a8      0xa54
                0x00000000080043a8                . = ALIGN (0x4)
 *(.rodata)
 .rodata        0x00000000080043a8        0xc Core/Src/main.o
 .rodata        0x00000000080043b4       0x20 Drivers/STM32F0xx_HAL_Driver/Src/stm32f0xx_hal_rcc.o
 *(.rodata*)
 .rodata.FreeMonoBold12pt7bBitmaps
                0x00000000080043d4      0x6c2 Core/Src/fonts.o
                0x00000000080043d4                FreeMonoBold12pt7bBitmaps
 *fill*         0x0000000008004a96        0x2 
 .rodata.FreeMonoBold12pt7bGlyphs
                0x0000000008004a98      0x2f8 Core/Src/fonts.o
                0x0000000008004a98                FreeMonoBold12pt7bGlyphs
 .rodata.mono12x7bold
                0x0000000008004d90        0xc Core/Src/fonts.o
                0x0000000008004d90                mono12x7bold
 .rodata.AHBPrescTable
                0x0000000008004d9c       0x10 Core/Src/system_stm32f0xx.o
                0x0000000008004d9c                AHBPrescTable
 .rodata.ILI9486_regValues.7276
                0x0000000008004dac       0x3b Core/Src/tft.o
 *fill*         0x0000000008004de7        0x1 
 .rodata.reset_off.7277
                0x0000000008004de8        0x9 Core/Src/tft.o
 *fill*         0x0000000008004df1        0x3 
 .rodata.wake_on.7278
                0x0000000008004df4        0x6 Core/Src/tft.o
                0x0000000008004dfc                . = ALIGN (0x4)
 *fill*         0x0000000008004dfa        0x2 

.rel.dyn        0x0000000008004dfc        0x0
 .rel.iplt      0x0000000008004dfc        0x0 /opt/st/stm32cubeide_1.4.0/plugins/com.st.stm32cube.ide.mcu.externaltools.gnu-tools-for-stm32.7-2018-q2-update.linux64_1.4.0.202007081208/tools/bin/../lib/gcc/arm-none-eabi/7.3.1/thumb/v6-m/crtbegin.o

.ARM.extab      0x0000000008004dfc        0x0
                0x0000000008004dfc                . = ALIGN (0x4)
 *(.ARM.extab* .gnu.linkonce.armextab.*)
                0x0000000008004dfc                . = ALIGN (0x4)

.ARM            0x0000000008004dfc        0x0
                0x0000000008004dfc                . = ALIGN (0x4)
                0x0000000008004dfc                __exidx_start = .
 *(.ARM.exidx*)
                0x0000000008004dfc                __exidx_end = .
                0x0000000008004dfc                . = ALIGN (0x4)

.preinit_array  0x0000000008004dfc        0x0
                0x0000000008004dfc                . = ALIGN (0x4)
                0x0000000008004dfc                PROVIDE (__preinit_array_start = .)
 *(.preinit_array*)
                0x0000000008004dfc                PROVIDE (__preinit_array_end = .)
                0x0000000008004dfc                . = ALIGN (0x4)

.init_array     0x0000000008004dfc        0x4
                0x0000000008004dfc                . = ALIGN (0x4)
                0x0000000008004dfc                PROVIDE (__init_array_start = .)
 *(SORT_BY_NAME(.init_array.*))
 *(.init_array*)
 .init_array    0x0000000008004dfc        0x4 /opt/st/stm32cubeide_1.4.0/plugins/com.st.stm32cube.ide.mcu.externaltools.gnu-tools-for-stm32.7-2018-q2-update.linux64_1.4.0.202007081208/tools/bin/../lib/gcc/arm-none-eabi/7.3.1/thumb/v6-m/crtbegin.o
                0x0000000008004e00                PROVIDE (__init_array_end = .)
                0x0000000008004e00                . = ALIGN (0x4)

.fini_array     0x0000000008004e00        0x4
                0x0000000008004e00                . = ALIGN (0x4)
                [!provide]                        PROVIDE (__fini_array_start = .)
 *(SORT_BY_NAME(.fini_array.*))
 *(.fini_array*)
 .fini_array    0x0000000008004e00        0x4 /opt/st/stm32cubeide_1.4.0/plugins/com.st.stm32cube.ide.mcu.externaltools.gnu-tools-for-stm32.7-2018-q2-update.linux64_1.4.0.202007081208/tools/bin/../lib/gcc/arm-none-eabi/7.3.1/thumb/v6-m/crtbegin.o
                [!provide]                        PROVIDE (__fini_array_end = .)
                0x0000000008004e04                . = ALIGN (0x4)
                0x0000000008004e04                _sidata = LOADADDR (.data)

.data           0x0000000020000000       0x18 load address 0x0000000008004e04
                0x0000000020000000                . = ALIGN (0x4)
                0x0000000020000000                _sdata = .
 *(.data)
 *(.data*)
 .data.SystemCoreClock
                0x0000000020000000        0x4 Core/Src/system_stm32f0xx.o
                0x0000000020000000                SystemCoreClock
 .data._width   0x0000000020000004        0x2 Core/Src/tft.o
                0x0000000020000004                _width
 .data._height  0x0000000020000006        0x2 Core/Src/tft.o
                0x0000000020000006                _height
 .data.textsize
                0x0000000020000008        0x1 Core/Src/tft.o
                0x0000000020000008                textsize
 *fill*         0x0000000020000009        0x1 
 .data.textcolor
                0x000000002000000a        0x2 Core/Src/tft.o
                0x000000002000000a                textcolor
 .data.textbgcolor
                0x000000002000000c        0x2 Core/Src/tft.o
                0x000000002000000c                textbgcolor
 .data.wrap     0x000000002000000e        0x1 Core/Src/tft.o
                0x000000002000000e                wrap
 *fill*         0x000000002000000f        0x1 
 .data.uwTickPrio
                0x0000000020000010        0x4 Drivers/STM32F0xx_HAL_Driver/Src/stm32f0xx_hal.o
                0x0000000020000010                uwTickPrio
 .data.uwTickFreq
                0x0000000020000014        0x1 Drivers/STM32F0xx_HAL_Driver/Src/stm32f0xx_hal.o
                0x0000000020000014                uwTickFreq
                0x0000000020000018                . = ALIGN (0x4)
 *fill*         0x0000000020000015        0x3 
                0x0000000020000018                _edata = .

.igot.plt       0x0000000020000018        0x0 load address 0x0000000008004e1c
 .igot.plt      0x0000000020000018        0x0 /opt/st/stm32cubeide_1.4.0/plugins/com.st.stm32cube.ide.mcu.externaltools.gnu-tools-for-stm32.7-2018-q2-update.linux64_1.4.0.202007081208/tools/bin/../lib/gcc/arm-none-eabi/7.3.1/thumb/v6-m/crtbegin.o
                0x0000000020000018                . = ALIGN (0x4)

.bss            0x0000000020000018       0x8c load address 0x0000000008004e1c
                0x0000000020000018                _sbss = .
                0x0000000020000018                __bss_start__ = _sbss
 *(.bss)
 .bss           0x0000000020000018       0x1c /opt/st/stm32cubeide_1.4.0/plugins/com.st.stm32cube.ide.mcu.externaltools.gnu-tools-for-stm32.7-2018-q2-update.linux64_1.4.0.202007081208/tools/bin/../lib/gcc/arm-none-eabi/7.3.1/thumb/v6-m/crtbegin.o
 *(.bss*)
 .bss.ID        0x0000000020000034        0x2 Core/Src/main.o
                0x0000000020000034                ID
 .bss.done_reset
                0x0000000020000036        0x1 Core/Src/tft.o
 .bss.cursor_y  0x0000000020000037        0x1 Core/Src/tft.o
                0x0000000020000037                cursor_y
 .bss.cursor_x  0x0000000020000038        0x1 Core/Src/tft.o
                0x0000000020000038                cursor_x
 .bss.rotation  0x0000000020000039        0x1 Core/Src/tft.o
                0x0000000020000039                rotation
 *(COMMON)
 *fill*         0x000000002000003a        0x2 
 COMMON         0x000000002000003c        0x4 Core/Src/fonts.o
                0x000000002000003c                gfxFont
 COMMON         0x0000000020000040       0x48 Core/Src/main.o
                0x0000000020000040                htim1
 COMMON         0x0000000020000088       0x18 Core/Src/tft.o
                0x0000000020000088                _lcd_drivOut
                0x000000002000008a                _MW
                0x000000002000008c                _lcd_capable
                0x000000002000008e                _SP
                0x0000000020000090                _lcd_rev
                0x0000000020000092                _MP
                0x0000000020000094                _MC
                0x0000000020000096                _SC
                0x0000000020000098                _EP
                0x000000002000009a                _lcd_ID
                0x000000002000009c                _EC
                0x000000002000009e                _lcd_madctl
 COMMON         0x00000000200000a0        0x4 Drivers/STM32F0xx_HAL_Driver/Src/stm32f0xx_hal.o
                0x00000000200000a0                uwTick
                0x00000000200000a4                . = ALIGN (0x4)
                0x00000000200000a4                _ebss = .
                0x00000000200000a4                __bss_end__ = _ebss

._user_heap_stack
                0x00000000200000a4      0x604 load address 0x0000000008004e1c
                0x00000000200000a8                . = ALIGN (0x8)
 *fill*         0x00000000200000a4        0x4 
                [!provide]                        PROVIDE (end = .)
                0x00000000200000a8                PROVIDE (_end = .)
                0x00000000200002a8                . = (. + _Min_Heap_Size)
 *fill*         0x00000000200000a8      0x200 
                0x00000000200006a8                . = (. + _Min_Stack_Size)
 *fill*         0x00000000200002a8      0x400 
                0x00000000200006a8                . = ALIGN (0x8)

/DISCARD/
 libc.a(*)
 libm.a(*)
 libgcc.a(*)

.ARM.attributes
                0x0000000000000000       0x28
 *(.ARM.attributes)
 .ARM.attributes
                0x0000000000000000       0x1e /opt/st/stm32cubeide_1.4.0/plugins/com.st.stm32cube.ide.mcu.externaltools.gnu-tools-for-stm32.7-2018-q2-update.linux64_1.4.0.202007081208/tools/bin/../lib/gcc/arm-none-eabi/7.3.1/thumb/v6-m/crti.o
 .ARM.attributes
                0x000000000000001e       0x2c /opt/st/stm32cubeide_1.4.0/plugins/com.st.stm32cube.ide.mcu.externaltools.gnu-tools-for-stm32.7-2018-q2-update.linux64_1.4.0.202007081208/tools/bin/../lib/gcc/arm-none-eabi/7.3.1/thumb/v6-m/crtbegin.o
 .ARM.attributes
                0x000000000000004a       0x31 Core/Src/fonts.o
 .ARM.attributes
                0x000000000000007b       0x31 Core/Src/main.o
 .ARM.attributes
                0x00000000000000ac       0x31 Core/Src/stm32f0xx_hal_msp.o
 .ARM.attributes
                0x00000000000000dd       0x31 Core/Src/stm32f0xx_it.o
 .ARM.attributes
                0x000000000000010e       0x31 Core/Src/system_stm32f0xx.o
 .ARM.attributes
                0x000000000000013f       0x31 Core/Src/tft.o
 .ARM.attributes
                0x0000000000000170       0x21 Core/Startup/startup_stm32f072rbtx.o
 .ARM.attributes
                0x0000000000000191       0x31 Drivers/STM32F0xx_HAL_Driver/Src/stm32f0xx_hal.o
 .ARM.attributes
                0x00000000000001c2       0x31 Drivers/STM32F0xx_HAL_Driver/Src/stm32f0xx_hal_cortex.o
 .ARM.attributes
                0x00000000000001f3       0x31 Drivers/STM32F0xx_HAL_Driver/Src/stm32f0xx_hal_gpio.o
 .ARM.attributes
                0x0000000000000224       0x31 Drivers/STM32F0xx_HAL_Driver/Src/stm32f0xx_hal_rcc.o
 .ARM.attributes
                0x0000000000000255       0x31 Drivers/STM32F0xx_HAL_Driver/Src/stm32f0xx_hal_tim.o
 .ARM.attributes
                0x0000000000000286       0x31 Drivers/STM32F0xx_HAL_Driver/Src/stm32f0xx_hal_tim_ex.o
 .ARM.attributes
                0x00000000000002b7       0x2c /opt/st/stm32cubeide_1.4.0/plugins/com.st.stm32cube.ide.mcu.externaltools.gnu-tools-for-stm32.7-2018-q2-update.linux64_1.4.0.202007081208/tools/bin/../lib/gcc/arm-none-eabi/7.3.1/../../../../arm-none-eabi/lib/thumb/v6-m/libc_nano.a(lib_a-init.o)
 .ARM.attributes
                0x00000000000002e3       0x2c /opt/st/stm32cubeide_1.4.0/plugins/com.st.stm32cube.ide.mcu.externaltools.gnu-tools-for-stm32.7-2018-q2-update.linux64_1.4.0.202007081208/tools/bin/../lib/gcc/arm-none-eabi/7.3.1/../../../../arm-none-eabi/lib/thumb/v6-m/libc_nano.a(lib_a-memset.o)
 .ARM.attributes
                0x000000000000030f       0x1e /opt/st/stm32cubeide_1.4.0/plugins/com.st.stm32cube.ide.mcu.externaltools.gnu-tools-for-stm32.7-2018-q2-update.linux64_1.4.0.202007081208/tools/bin/../lib/gcc/arm-none-eabi/7.3.1/thumb/v6-m/libgcc.a(_udivsi3.o)
 .ARM.attributes
                0x000000000000032d       0x1e /opt/st/stm32cubeide_1.4.0/plugins/com.st.stm32cube.ide.mcu.externaltools.gnu-tools-for-stm32.7-2018-q2-update.linux64_1.4.0.202007081208/tools/bin/../lib/gcc/arm-none-eabi/7.3.1/thumb/v6-m/libgcc.a(_dvmd_tls.o)
 .ARM.attributes
                0x000000000000034b       0x1e /opt/st/stm32cubeide_1.4.0/plugins/com.st.stm32cube.ide.mcu.externaltools.gnu-tools-for-stm32.7-2018-q2-update.linux64_1.4.0.202007081208/tools/bin/../lib/gcc/arm-none-eabi/7.3.1/thumb/v6-m/crtn.o
OUTPUT(nucleo-f072.elf elf32-littlearm)

.debug_info     0x0000000000000000     0xa53f
 .debug_info    0x0000000000000000      0x392 Core/Src/fonts.o
 .debug_info    0x0000000000000392      0xc75 Core/Src/main.o
 .debug_info    0x0000000000001007      0x7e6 Core/Src/stm32f0xx_hal_msp.o
 .debug_info    0x00000000000017ed      0x1a2 Core/Src/stm32f0xx_it.o
 .debug_info    0x000000000000198f      0x29e Core/Src/system_stm32f0xx.o
 .debug_info    0x0000000000001c2d     0x30ce Core/Src/tft.o
 .debug_info    0x0000000000004cfb       0x22 Core/Startup/startup_stm32f072rbtx.o
 .debug_info    0x0000000000004d1d      0x6c0 Drivers/STM32F0xx_HAL_Driver/Src/stm32f0xx_hal.o
 .debug_info    0x00000000000053dd      0x78c Drivers/STM32F0xx_HAL_Driver/Src/stm32f0xx_hal_cortex.o
 .debug_info    0x0000000000005b69      0x689 Drivers/STM32F0xx_HAL_Driver/Src/stm32f0xx_hal_gpio.o
 .debug_info    0x00000000000061f2      0x82d Drivers/STM32F0xx_HAL_Driver/Src/stm32f0xx_hal_rcc.o
 .debug_info    0x0000000000006a1f     0x27d0 Drivers/STM32F0xx_HAL_Driver/Src/stm32f0xx_hal_tim.o
 .debug_info    0x00000000000091ef     0x1350 Drivers/STM32F0xx_HAL_Driver/Src/stm32f0xx_hal_tim_ex.o

.debug_abbrev   0x0000000000000000     0x1681
 .debug_abbrev  0x0000000000000000       0xca Core/Src/fonts.o
 .debug_abbrev  0x00000000000000ca      0x1e2 Core/Src/main.o
 .debug_abbrev  0x00000000000002ac      0x18e Core/Src/stm32f0xx_hal_msp.o
 .debug_abbrev  0x000000000000043a       0xc6 Core/Src/stm32f0xx_it.o
 .debug_abbrev  0x0000000000000500      0x12b Core/Src/system_stm32f0xx.o
 .debug_abbrev  0x000000000000062b      0x3d5 Core/Src/tft.o
 .debug_abbrev  0x0000000000000a00       0x12 Core/Startup/startup_stm32f072rbtx.o
 .debug_abbrev  0x0000000000000a12      0x1c7 Drivers/STM32F0xx_HAL_Driver/Src/stm32f0xx_hal.o
 .debug_abbrev  0x0000000000000bd9      0x273 Drivers/STM32F0xx_HAL_Driver/Src/stm32f0xx_hal_cortex.o
 .debug_abbrev  0x0000000000000e4c      0x1c0 Drivers/STM32F0xx_HAL_Driver/Src/stm32f0xx_hal_gpio.o
 .debug_abbrev  0x000000000000100c      0x20f Drivers/STM32F0xx_HAL_Driver/Src/stm32f0xx_hal_rcc.o
 .debug_abbrev  0x000000000000121b      0x230 Drivers/STM32F0xx_HAL_Driver/Src/stm32f0xx_hal_tim.o
 .debug_abbrev  0x000000000000144b      0x236 Drivers/STM32F0xx_HAL_Driver/Src/stm32f0xx_hal_tim_ex.o

.debug_aranges  0x0000000000000000      0xb10
 .debug_aranges
                0x0000000000000000       0x18 Core/Src/fonts.o
 .debug_aranges
                0x0000000000000018       0x40 Core/Src/main.o
 .debug_aranges
                0x0000000000000058       0x30 Core/Src/stm32f0xx_hal_msp.o
 .debug_aranges
                0x0000000000000088       0x40 Core/Src/stm32f0xx_it.o
 .debug_aranges
                0x00000000000000c8       0x28 Core/Src/system_stm32f0xx.o
 .debug_aranges
                0x00000000000000f0      0x258 Core/Src/tft.o
 .debug_aranges
                0x0000000000000348       0x28 Core/Startup/startup_stm32f072rbtx.o
 .debug_aranges
                0x0000000000000370       0xd0 Drivers/STM32F0xx_HAL_Driver/Src/stm32f0xx_hal.o
 .debug_aranges
                0x0000000000000440       0xc0 Drivers/STM32F0xx_HAL_Driver/Src/stm32f0xx_hal_cortex.o
 .debug_aranges
                0x0000000000000500       0x58 Drivers/STM32F0xx_HAL_Driver/Src/stm32f0xx_hal_gpio.o
 .debug_aranges
                0x0000000000000558       0x80 Drivers/STM32F0xx_HAL_Driver/Src/stm32f0xx_hal_rcc.o
 .debug_aranges
                0x00000000000005d8      0x3d0 Drivers/STM32F0xx_HAL_Driver/Src/stm32f0xx_hal_tim.o
 .debug_aranges
                0x00000000000009a8      0x168 Drivers/STM32F0xx_HAL_Driver/Src/stm32f0xx_hal_tim_ex.o

.debug_macro    0x0000000000000000    0x18cdd
 .debug_macro   0x0000000000000000       0x6d Core/Src/fonts.o
 .debug_macro   0x000000000000006d      0xa48 Core/Src/fonts.o
 .debug_macro   0x0000000000000ab5       0x22 Core/Src/fonts.o
 .debug_macro   0x0000000000000ad7       0x8e Core/Src/fonts.o
 .debug_macro   0x0000000000000b65       0x51 Core/Src/fonts.o
 .debug_macro   0x0000000000000bb6       0xef Core/Src/fonts.o
 .debug_macro   0x0000000000000ca5       0x6a Core/Src/fonts.o
 .debug_macro   0x0000000000000d0f      0x1df Core/Src/fonts.o
 .debug_macro   0x0000000000000eee      0x1e3 Core/Src/main.o
 .debug_macro   0x00000000000010d1      0x12d Core/Src/main.o
 .debug_macro   0x00000000000011fe       0x2e Core/Src/main.o
 .debug_macro   0x000000000000122c       0x22 Core/Src/main.o
 .debug_macro   0x000000000000124e       0x1c Core/Src/main.o
 .debug_macro   0x000000000000126a       0x22 Core/Src/main.o
 .debug_macro   0x000000000000128c       0xb5 Core/Src/main.o
 .debug_macro   0x0000000000001341      0x391 Core/Src/main.o
 .debug_macro   0x00000000000016d2     0xfe50 Core/Src/main.o
 .debug_macro   0x0000000000011522       0x3c Core/Src/main.o
 .debug_macro   0x000000000001155e     0x3461 Core/Src/main.o
 .debug_macro   0x00000000000149bf      0x174 Core/Src/main.o
 .debug_macro   0x0000000000014b33       0x55 Core/Src/main.o
 .debug_macro   0x0000000000014b88      0x946 Core/Src/main.o
 .debug_macro   0x00000000000154ce      0x5f3 Core/Src/main.o
 .debug_macro   0x0000000000015ac1      0x12f Core/Src/main.o
 .debug_macro   0x0000000000015bf0      0x1a7 Core/Src/main.o
 .debug_macro   0x0000000000015d97      0x1a7 Core/Src/main.o
 .debug_macro   0x0000000000015f3e      0x22c Core/Src/main.o
 .debug_macro   0x000000000001616a       0x34 Core/Src/main.o
 .debug_macro   0x000000000001619e       0x43 Core/Src/main.o
 .debug_macro   0x00000000000161e1       0x28 Core/Src/main.o
 .debug_macro   0x0000000000016209       0xb0 Core/Src/main.o
 .debug_macro   0x00000000000162b9      0x217 Core/Src/main.o
 .debug_macro   0x00000000000164d0      0x22c Core/Src/main.o
 .debug_macro   0x00000000000166fc       0x60 Core/Src/main.o
 .debug_macro   0x000000000001675c       0xa5 Core/Src/main.o
 .debug_macro   0x0000000000016801       0x4c Core/Src/main.o
 .debug_macro   0x000000000001684d      0x16d Core/Src/main.o
 .debug_macro   0x00000000000169ba      0x8d8 Core/Src/main.o
 .debug_macro   0x0000000000017292       0x28 Core/Src/main.o
 .debug_macro   0x00000000000172ba      0x130 Core/Src/main.o
 .debug_macro   0x00000000000173ea       0xb8 Core/Src/main.o
 .debug_macro   0x00000000000174a2       0x6a Core/Src/main.o
 .debug_macro   0x000000000001750c       0x3a Core/Src/main.o
 .debug_macro   0x0000000000017546      0x1bd Core/Src/stm32f0xx_hal_msp.o
 .debug_macro   0x0000000000017703      0x1c7 Core/Src/stm32f0xx_it.o
 .debug_macro   0x00000000000178ca      0x1ae Core/Src/system_stm32f0xx.o
 .debug_macro   0x0000000000017a78      0x366 Core/Src/tft.o
 .debug_macro   0x0000000000017dde       0x46 Core/Src/tft.o
 .debug_macro   0x0000000000017e24      0x32a Core/Src/tft.o
 .debug_macro   0x000000000001814e       0x10 Core/Src/tft.o
 .debug_macro   0x000000000001815e       0x20 Core/Src/tft.o
 .debug_macro   0x000000000001817e       0xdc Core/Src/tft.o
 .debug_macro   0x000000000001825a      0x1d2 Drivers/STM32F0xx_HAL_Driver/Src/stm32f0xx_hal.o
 .debug_macro   0x000000000001842c      0x1ae Drivers/STM32F0xx_HAL_Driver/Src/stm32f0xx_hal_cortex.o
 .debug_macro   0x00000000000185da      0x1e6 Drivers/STM32F0xx_HAL_Driver/Src/stm32f0xx_hal_gpio.o
 .debug_macro   0x00000000000187c0      0x1c0 Drivers/STM32F0xx_HAL_Driver/Src/stm32f0xx_hal_rcc.o
 .debug_macro   0x0000000000018980      0x1af Drivers/STM32F0xx_HAL_Driver/Src/stm32f0xx_hal_tim.o
 .debug_macro   0x0000000000018b2f      0x1ae Drivers/STM32F0xx_HAL_Driver/Src/stm32f0xx_hal_tim_ex.o

.debug_line     0x0000000000000000     0x8c0a
 .debug_line    0x0000000000000000      0x366 Core/Src/fonts.o
 .debug_line    0x0000000000000366      0x73e Core/Src/main.o
 .debug_line    0x0000000000000aa4      0x6ac Core/Src/stm32f0xx_hal_msp.o
 .debug_line    0x0000000000001150      0x6da Core/Src/stm32f0xx_it.o
 .debug_line    0x000000000000182a      0x6a9 Core/Src/system_stm32f0xx.o
 .debug_line    0x0000000000001ed3     0x151e Core/Src/tft.o
 .debug_line    0x00000000000033f1       0x89 Core/Startup/startup_stm32f072rbtx.o
 .debug_line    0x000000000000347a      0x83c Drivers/STM32F0xx_HAL_Driver/Src/stm32f0xx_hal.o
 .debug_line    0x0000000000003cb6      0x854 Drivers/STM32F0xx_HAL_Driver/Src/stm32f0xx_hal_cortex.o
 .debug_line    0x000000000000450a      0x814 Drivers/STM32F0xx_HAL_Driver/Src/stm32f0xx_hal_gpio.o
 .debug_line    0x0000000000004d1e      0x929 Drivers/STM32F0xx_HAL_Driver/Src/stm32f0xx_hal_rcc.o
 .debug_line    0x0000000000005647     0x22e3 Drivers/STM32F0xx_HAL_Driver/Src/stm32f0xx_hal_tim.o
 .debug_line    0x000000000000792a     0x12e0 Drivers/STM32F0xx_HAL_Driver/Src/stm32f0xx_hal_tim_ex.o

.debug_str      0x0000000000000000    0x938b6
 .debug_str     0x0000000000000000     0x3bb5 Core/Src/fonts.o
                                       0x3d45 (size before relaxing)
 .debug_str     0x0000000000003bb5    0x89e9d Core/Src/main.o
                                      0x8dc84 (size before relaxing)
 .debug_str     0x000000000008da52       0x62 Core/Src/stm32f0xx_hal_msp.o
                                      0x8d79c (size before relaxing)
 .debug_str     0x000000000008dab4       0x76 Core/Src/stm32f0xx_it.o
                                      0x8d2a2 (size before relaxing)
 .debug_str     0x000000000008db2a       0x5f Core/Src/system_stm32f0xx.o
                                      0x8d09f (size before relaxing)
 .debug_str     0x000000000008db89     0x3f44 Core/Src/tft.o
                                      0x917b9 (size before relaxing)
 .debug_str     0x0000000000091acd       0x36 Core/Startup/startup_stm32f072rbtx.o
                                         0x6e (size before relaxing)
 .debug_str     0x0000000000091b03      0x46d Drivers/STM32F0xx_HAL_Driver/Src/stm32f0xx_hal.o
                                      0x8d609 (size before relaxing)
 .debug_str     0x0000000000091f70      0x1fa Drivers/STM32F0xx_HAL_Driver/Src/stm32f0xx_hal_cortex.o
                                      0x8d4c1 (size before relaxing)
 .debug_str     0x000000000009216a      0x204 Drivers/STM32F0xx_HAL_Driver/Src/stm32f0xx_hal_gpio.o
                                      0x8d33b (size before relaxing)
 .debug_str     0x000000000009236e      0x240 Drivers/STM32F0xx_HAL_Driver/Src/stm32f0xx_hal_rcc.o
                                      0x8d4b4 (size before relaxing)
 .debug_str     0x00000000000925ae      0xdf1 Drivers/STM32F0xx_HAL_Driver/Src/stm32f0xx_hal_tim.o
                                      0x8e453 (size before relaxing)
 .debug_str     0x000000000009339f      0x517 Drivers/STM32F0xx_HAL_Driver/Src/stm32f0xx_hal_tim_ex.o
                                      0x8dc2d (size before relaxing)

.comment        0x0000000000000000       0x7b
 .comment       0x0000000000000000       0x7b Core/Src/fonts.o
                                         0x7c (size before relaxing)
 .comment       0x000000000000007b       0x7c Core/Src/main.o
 .comment       0x000000000000007b       0x7c Core/Src/stm32f0xx_hal_msp.o
 .comment       0x000000000000007b       0x7c Core/Src/stm32f0xx_it.o
 .comment       0x000000000000007b       0x7c Core/Src/system_stm32f0xx.o
 .comment       0x000000000000007b       0x7c Core/Src/tft.o
 .comment       0x000000000000007b       0x7c Drivers/STM32F0xx_HAL_Driver/Src/stm32f0xx_hal.o
 .comment       0x000000000000007b       0x7c Drivers/STM32F0xx_HAL_Driver/Src/stm32f0xx_hal_cortex.o
 .comment       0x000000000000007b       0x7c Drivers/STM32F0xx_HAL_Driver/Src/stm32f0xx_hal_gpio.o
 .comment       0x000000000000007b       0x7c Drivers/STM32F0xx_HAL_Driver/Src/stm32f0xx_hal_rcc.o
 .comment       0x000000000000007b       0x7c Drivers/STM32F0xx_HAL_Driver/Src/stm32f0xx_hal_tim.o
 .comment       0x000000000000007b       0x7c Drivers/STM32F0xx_HAL_Driver/Src/stm32f0xx_hal_tim_ex.o

.debug_ranges   0x0000000000000000      0xa58
 .debug_ranges  0x0000000000000000       0x30 Core/Src/main.o
 .debug_ranges  0x0000000000000030       0x20 Core/Src/stm32f0xx_hal_msp.o
 .debug_ranges  0x0000000000000050       0x30 Core/Src/stm32f0xx_it.o
 .debug_ranges  0x0000000000000080       0x18 Core/Src/system_stm32f0xx.o
 .debug_ranges  0x0000000000000098      0x260 Core/Src/tft.o
 .debug_ranges  0x00000000000002f8       0x20 Core/Startup/startup_stm32f072rbtx.o
 .debug_ranges  0x0000000000000318       0xc0 Drivers/STM32F0xx_HAL_Driver/Src/stm32f0xx_hal.o
 .debug_ranges  0x00000000000003d8       0xb0 Drivers/STM32F0xx_HAL_Driver/Src/stm32f0xx_hal_cortex.o
 .debug_ranges  0x0000000000000488       0x48 Drivers/STM32F0xx_HAL_Driver/Src/stm32f0xx_hal_gpio.o
 .debug_ranges  0x00000000000004d0       0x70 Drivers/STM32F0xx_HAL_Driver/Src/stm32f0xx_hal_rcc.o
 .debug_ranges  0x0000000000000540      0x3c0 Drivers/STM32F0xx_HAL_Driver/Src/stm32f0xx_hal_tim.o
 .debug_ranges  0x0000000000000900      0x158 Drivers/STM32F0xx_HAL_Driver/Src/stm32f0xx_hal_tim_ex.o

.debug_frame    0x0000000000000000     0x281c
 .debug_frame   0x0000000000000000       0xac Core/Src/main.o
 .debug_frame   0x00000000000000ac       0x70 Core/Src/stm32f0xx_hal_msp.o
 .debug_frame   0x000000000000011c       0x9c Core/Src/stm32f0xx_it.o
 .debug_frame   0x00000000000001b8       0x4c Core/Src/system_stm32f0xx.o
 .debug_frame   0x0000000000000204      0x980 Core/Src/tft.o
 .debug_frame   0x0000000000000b84      0x2a4 Drivers/STM32F0xx_HAL_Driver/Src/stm32f0xx_hal.o
 .debug_frame   0x0000000000000e28      0x2a0 Drivers/STM32F0xx_HAL_Driver/Src/stm32f0xx_hal_cortex.o
 .debug_frame   0x00000000000010c8      0x110 Drivers/STM32F0xx_HAL_Driver/Src/stm32f0xx_hal_gpio.o
 .debug_frame   0x00000000000011d8      0x198 Drivers/STM32F0xx_HAL_Driver/Src/stm32f0xx_hal_rcc.o
 .debug_frame   0x0000000000001370      0xef0 Drivers/STM32F0xx_HAL_Driver/Src/stm32f0xx_hal_tim.o
 .debug_frame   0x0000000000002260      0x550 Drivers/STM32F0xx_HAL_Driver/Src/stm32f0xx_hal_tim_ex.o
 .debug_frame   0x00000000000027b0       0x2c /opt/st/stm32cubeide_1.4.0/plugins/com.st.stm32cube.ide.mcu.externaltools.gnu-tools-for-stm32.7-2018-q2-update.linux64_1.4.0.202007081208/tools/bin/../lib/gcc/arm-none-eabi/7.3.1/../../../../arm-none-eabi/lib/thumb/v6-m/libc_nano.a(lib_a-init.o)
 .debug_frame   0x00000000000027dc       0x20 /opt/st/stm32cubeide_1.4.0/plugins/com.st.stm32cube.ide.mcu.externaltools.gnu-tools-for-stm32.7-2018-q2-update.linux64_1.4.0.202007081208/tools/bin/../lib/gcc/arm-none-eabi/7.3.1/../../../../arm-none-eabi/lib/thumb/v6-m/libc_nano.a(lib_a-memset.o)
 .debug_frame   0x00000000000027fc       0x20 /opt/st/stm32cubeide_1.4.0/plugins/com.st.stm32cube.ide.mcu.externaltools.gnu-tools-for-stm32.7-2018-q2-update.linux64_1.4.0.202007081208/tools/bin/../lib/gcc/arm-none-eabi/7.3.1/thumb/v6-m/libgcc.a(_udivsi3.o)
