user_setting.h:37:6:delay	16	static
tft.c:8:6:PIN_INPUT	40	static
tft.c:18:6:PIN_OUTPUT	40	static
tft.c:54:10:width	8	static
tft.c:57:10:height	8	static
tft.c:74:10:color565	24	static
tft.c:76:10:readPixel	40	static
tft.c:82:6:WriteCmdData	16	static
tft.c:90:6:pushCommand	16	static
tft.c:117:6:setReadDir	8	static
tft.c:129:6:setWriteDir	8	static
tft.c:141:13:pushColors_any	56	static
tft.c:175:13:writecmddata	32	static
tft.c:183:13:WriteCmdParamN	32	static
tft.c:194:20:WriteCmdParam4	32	static
tft.c:204:13:init_table	56	static
tft.c:228:6:reset	8	static
tft.c:244:17:read16bits	16	static
tft.c:253:10:readReg	32	static
tft.c:276:10:readReg32	40	static
tft.c:283:6:tft_init	32	static
tft.c:328:10:readID	16	static
tft.c:335:9:readGRAM	56	static
tft.c:397:6:setRotation	40	static
tft.c:453:6:drawPixel	24	static
tft.c:462:6:setAddrWindow	32	static
tft.c:485:6:vertScroll	40	static
tft.c:521:6:pushColors16b	32	static
tft.c:526:6:pushColors8b	32	static
tft.c:531:6:pushColors4n	32	static
tft.c:536:6:fillScreen	24	static
tft.c:541:6:invertDisplay	16	static
tft.c:554:7:drawFastVLine	32	static
tft.c:558:7:drawFastHLine	32	static
tft.c:563:6:writePixel	24	static
tft.c:568:6:writeLine	48	static
tft.c:608:6:drawLine	40	static
tft.c:621:6:drawCircle	40	static
tft.c:655:6:drawCircleHelper	48	static
tft.c:691:6:fillCircle	32	static
tft.c:697:6:fillCircleHelper	40	static
tft.c:733:6:drawRect	24	static
tft.c:741:6:fillRect	32	static
tft.c:787:6:drawRoundRect	48	static
tft.c:804:6:fillRoundRect	48	static
tft.c:816:6:drawTriangle	40	static
tft.c:824:6:fillTriangle	72	static
tft.c:895:6:testFillScreen	8	static
tft.c:904:6:testLines	56	static
tft.c:947:6:testFastLines	32	static
tft.c:956:6:testRects	56	static
tft.c:970:6:testFilledRects	56	static
tft.c:987:6:testFilledCircles	40	static
tft.c:999:6:testCircles	40	static
tft.c:1014:6:testTriangles	64	static
tft.c:1029:6:testFilledTriangles	64	static
tft.c:1044:6:testRoundRects	72	static
tft.c:1063:6:testFilledRoundRects	64	static
tft.c:1081:6:drawChar	56	static
tft.c:1133:8:write	48	static
tft.c:1170:6:setFont	16	static
tft.c:1191:6:charBounds	64	static
tft.c:1258:6:getTextBounds	64	static
tft.c:1287:6:printnewtstr	32	static
tft.c:1296:6:printstr	16	static
tft.c:1301:6:setTextWrap	16	static
tft.c:1306:6:setTextColor	16	static
tft.c:1311:6:setTextSize	16	static
tft.c:1316:6:setCursor	16	static
tft.c:1322:9:getRotation	8	static
tft.c:1327:6:scrollup	32	static
tft.c:1354:6:scrolldown	32	static
