user_setting.h:37:6:delay	16	static
tft.c:13:6:PIN_LOW	16	static
tft.c:18:6:PIN_HIGH	16	static
tft.c:23:6:PIN_INPUT	40	static
tft.c:33:6:PIN_OUTPUT	40	static
tft.c:92:10:width	8	static
tft.c:95:10:height	8	static
tft.c:110:17:color565_to_555	16	static
tft.c:113:17:color555_to_565	16	static
tft.c:116:16:color565_to_r	16	static
tft.c:119:16:color565_to_g	16	static
tft.c:122:16:color565_to_b	16	static
tft.c:126:10:color565	24	static
tft.c:127:10:readPixel	40	static
tft.c:135:6:WriteCmdData	16	static
tft.c:143:6:pushCommand	16	static
tft.c:173:6:setReadDir	8	static
tft.c:185:6:setWriteDir	8	static
tft.c:198:13:pushColors_any	48	static
tft.c:235:13:write24	40	static
tft.c:245:13:writecmddata	32	static
tft.c:253:13:WriteCmdParamN	32	static
tft.c:268:20:WriteCmdParam4	32	static
tft.c:277:13:init_table	56	static
tft.c:301:13:init_table16	24	static
tft.c:316:6:reset	8	static
tft.c:333:17:read16bits	16	static
tft.c:342:10:readReg	32	static
tft.c:360:10:readReg32	40	static
tft.c:367:10:readReg40	40	static
tft.c:376:6:tft_init	32	static
tft.c:428:10:readID	16	static
tft.c:436:9:readGRAM	56	static
tft.c:500:6:setRotation	40	static
tft.c:613:6:drawPixel	32	static
tft.c:624:6:setAddrWindow	40	static
tft.c:654:6:vertScroll	40	static
tft.c:712:6:pushColors16b	32	static
tft.c:716:6:pushColors8b	32	static
tft.c:720:6:pushColors4n	32	static
tft.c:726:6:fillScreen	24	static
tft.c:731:6:invertDisplay	24	static
tft.c:766:7:drawFastVLine	32	static
tft.c:770:7:drawFastHLine	32	static
tft.c:775:6:writePixel	24	static
tft.c:780:6:writeLine	48	static
tft.c:821:6:drawLine	40	static
tft.c:834:6:drawCircle	40	static
tft.c:868:6:drawCircleHelper	48	static
tft.c:904:6:fillCircle	32	static
tft.c:910:6:fillCircleHelper	40	static
tft.c:947:6:drawRect	24	static
tft.c:955:6:fillRect	32	static
tft.c:1004:6:drawRoundRect	48	static
tft.c:1021:6:fillRoundRect	48	static
tft.c:1033:6:drawTriangle	40	static
tft.c:1041:6:fillTriangle	72	static
tft.c:1121:6:testFillScreen	8	static
tft.c:1130:6:testLines	56	static
tft.c:1173:6:testFastLines	32	static
tft.c:1182:6:testRects	56	static
tft.c:1196:6:testFilledRects	56	static
tft.c:1213:6:testFilledCircles	40	static
tft.c:1226:6:testCircles	40	static
tft.c:1242:6:testTriangles	64	static
tft.c:1258:6:testFilledTriangles	64	static
tft.c:1271:6:testRoundRects	72	static
tft.c:1288:6:testFilledRoundRects	64	static
tft.c:1306:6:drawChar	56	static
tft.c:1356:8:write	48	static
tft.c:1395:6:setFont	16	static
tft.c:1424:6:charBounds	64	static
tft.c:1494:6:getTextBounds	64	static
tft.c:1517:6:printnewtstr	32	static
tft.c:1526:6:printstr	16	static
tft.c:1531:6:setTextWrap	16	static
tft.c:1533:6:setTextColor	16	static
tft.c:1538:6:setTextSize	16	static
tft.c:1543:6:setCursor	16	static
tft.c:1545:9:getRotation	8	static
tft.c:1550:6:scrollup	32	static
tft.c:1564:6:scrolldown	32	static
