user_setting.h:37:6:delay	16	static
tft.c:8:6:PIN_INPUT	40	static
tft.c:18:6:PIN_OUTPUT	40	static
tft.c:72:10:width	8	static
tft.c:75:10:height	8	static
tft.c:92:17:color565_to_555	16	static
tft.c:96:16:color565_to_r	16	static
tft.c:100:16:color565_to_g	16	static
tft.c:103:16:color565_to_b	16	static
tft.c:107:10:color565	24	static
tft.c:109:10:readPixel	40	static
tft.c:117:6:WriteCmdData	16	static
tft.c:125:6:pushCommand	16	static
tft.c:153:6:setReadDir	8	static
tft.c:165:6:setWriteDir	8	static
tft.c:178:13:pushColors_any	56	static
tft.c:212:13:write24	40	static
tft.c:222:13:writecmddata	32	static
tft.c:230:13:WriteCmdParamN	32	static
tft.c:241:20:WriteCmdParam4	32	static
tft.c:250:13:init_table	56	static
tft.c:274:6:reset	8	static
tft.c:291:17:read16bits	16	static
tft.c:300:10:readReg	32	static
tft.c:318:10:readReg32	40	static
tft.c:325:10:readReg40	40	static
tft.c:333:6:tft_init	32	static
tft.c:379:10:readID	16	static
tft.c:386:9:readGRAM	56	static
tft.c:448:6:setRotation	40	static
tft.c:506:6:drawPixel	24	static
tft.c:515:6:setAddrWindow	32	static
tft.c:538:6:vertScroll	40	static
tft.c:576:6:pushColors16b	32	static
tft.c:581:6:pushColors8b	32	static
tft.c:586:6:pushColors4n	32	static
tft.c:591:6:fillScreen	24	static
tft.c:596:6:invertDisplay	16	static
tft.c:610:7:drawFastVLine	32	static
tft.c:614:7:drawFastHLine	32	static
tft.c:619:6:writePixel	24	static
tft.c:624:6:writeLine	48	static
tft.c:664:6:drawLine	40	static
tft.c:677:6:drawCircle	40	static
tft.c:711:6:drawCircleHelper	48	static
tft.c:747:6:fillCircle	32	static
tft.c:753:6:fillCircleHelper	40	static
tft.c:789:6:drawRect	24	static
tft.c:797:6:fillRect	32	static
tft.c:843:6:drawRoundRect	48	static
tft.c:860:6:fillRoundRect	48	static
tft.c:872:6:drawTriangle	40	static
tft.c:880:6:fillTriangle	72	static
tft.c:951:6:testFillScreen	8	static
tft.c:960:6:testLines	56	static
tft.c:1003:6:testFastLines	32	static
tft.c:1012:6:testRects	56	static
tft.c:1026:6:testFilledRects	56	static
tft.c:1043:6:testFilledCircles	40	static
tft.c:1055:6:testCircles	40	static
tft.c:1070:6:testTriangles	64	static
tft.c:1085:6:testFilledTriangles	64	static
tft.c:1100:6:testRoundRects	72	static
tft.c:1119:6:testFilledRoundRects	64	static
tft.c:1137:6:drawChar	56	static
tft.c:1189:8:write	48	static
tft.c:1226:6:setFont	16	static
tft.c:1247:6:charBounds	64	static
tft.c:1314:6:getTextBounds	64	static
tft.c:1343:6:printnewtstr	32	static
tft.c:1352:6:printstr	16	static
tft.c:1357:6:setTextWrap	16	static
tft.c:1362:6:setTextColor	16	static
tft.c:1367:6:setTextSize	16	static
tft.c:1372:6:setCursor	16	static
tft.c:1378:9:getRotation	8	static
tft.c:1383:6:scrollup	32	static
tft.c:1410:6:scrolldown	32	static
