user_setting.h:37:6:delay	16	static
tft.c:8:6:PIN_INPUT	40	static
tft.c:18:6:PIN_OUTPUT	40	static
tft.c:54:10:width	8	static
tft.c:57:10:height	8	static
tft.c:74:10:color565	24	static
tft.c:76:10:readPixel	40	static
tft.c:82:6:WriteCmdData	16	static
tft.c:90:6:pushCommand	16	static
tft.c:117:6:setReadDir	8	static
tft.c:129:6:setWriteDir	8	static
tft.c:141:13:pushColors_any	56	static
tft.c:175:13:writecmddata	32	static
tft.c:183:13:WriteCmdParamN	32	static
tft.c:194:20:WriteCmdParam4	32	static
tft.c:204:13:init_table	56	static
tft.c:228:6:reset	8	static
tft.c:244:17:read16bits	16	static
tft.c:253:10:readReg	32	static
tft.c:276:10:readReg32	40	static
tft.c:283:6:tft_init	32	static
tft.c:328:10:readID	8	static
tft.c:334:9:readGRAM	56	static
tft.c:396:6:setRotation	40	static
tft.c:452:6:drawPixel	24	static
tft.c:461:6:setAddrWindow	32	static
tft.c:484:6:vertScroll	40	static
tft.c:520:6:pushColors16b	32	static
tft.c:525:6:pushColors8b	32	static
tft.c:530:6:pushColors4n	32	static
tft.c:535:6:fillScreen	24	static
tft.c:540:6:invertDisplay	16	static
tft.c:553:7:drawFastVLine	32	static
tft.c:557:7:drawFastHLine	32	static
tft.c:562:6:writePixel	24	static
tft.c:567:6:writeLine	48	static
tft.c:607:6:drawLine	40	static
tft.c:620:6:drawCircle	40	static
tft.c:654:6:drawCircleHelper	48	static
tft.c:690:6:fillCircle	32	static
tft.c:696:6:fillCircleHelper	40	static
tft.c:732:6:drawRect	24	static
tft.c:740:6:fillRect	32	static
tft.c:786:6:drawRoundRect	48	static
tft.c:803:6:fillRoundRect	48	static
tft.c:815:6:drawTriangle	40	static
tft.c:823:6:fillTriangle	72	static
tft.c:894:6:testFillScreen	8	static
tft.c:903:6:testLines	56	static
tft.c:946:6:testFastLines	32	static
tft.c:955:6:testRects	56	static
tft.c:969:6:testFilledRects	56	static
tft.c:986:6:testFilledCircles	40	static
tft.c:998:6:testCircles	40	static
tft.c:1013:6:testTriangles	64	static
tft.c:1028:6:testFilledTriangles	64	static
tft.c:1043:6:testRoundRects	72	static
tft.c:1062:6:testFilledRoundRects	64	static
tft.c:1080:6:drawChar	56	static
tft.c:1132:8:write	48	static
tft.c:1169:6:setFont	16	static
tft.c:1190:6:charBounds	64	static
tft.c:1257:6:getTextBounds	64	static
tft.c:1286:6:printnewtstr	32	static
tft.c:1295:6:printstr	16	static
tft.c:1300:6:setTextWrap	16	static
tft.c:1305:6:setTextColor	16	static
tft.c:1310:6:setTextSize	16	static
tft.c:1315:6:setCursor	16	static
tft.c:1321:9:getRotation	8	static
tft.c:1326:6:scrollup	32	static
tft.c:1353:6:scrolldown	32	static
