user_setting.h:37:6:delay	16	static
tft.c:8:6:PIN_INPUT	40	static
tft.c:18:6:PIN_OUTPUT	40	static
tft.c:72:10:width	8	static
tft.c:75:10:height	8	static
tft.c:92:17:color565_to_555	16	static
tft.c:96:16:color565_to_r	16	static
tft.c:100:16:color565_to_g	16	static
tft.c:103:16:color565_to_b	16	static
tft.c:107:10:color565	24	static
tft.c:109:10:readPixel	40	static
tft.c:117:6:WriteCmdData	16	static
tft.c:125:6:pushCommand	16	static
tft.c:155:6:setReadDir	8	static
tft.c:167:6:setWriteDir	8	static
tft.c:180:13:pushColors_any	56	static
tft.c:214:13:write24	40	static
tft.c:224:13:writecmddata	32	static
tft.c:232:13:WriteCmdParamN	32	static
tft.c:243:20:WriteCmdParam4	32	static
tft.c:252:13:init_table	56	static
tft.c:276:6:reset	8	static
tft.c:293:17:read16bits	16	static
tft.c:302:10:readReg	32	static
tft.c:320:10:readReg32	40	static
tft.c:327:10:readReg40	40	static
tft.c:336:6:tft_init	32	static
tft.c:388:10:readID	16	static
tft.c:395:9:readGRAM	56	static
tft.c:457:6:setRotation	40	static
tft.c:554:6:drawPixel	24	static
tft.c:563:6:setAddrWindow	32	static
tft.c:586:6:vertScroll	40	static
tft.c:641:6:pushColors16b	32	static
tft.c:645:6:pushColors8b	32	static
tft.c:649:6:pushColors4n	32	static
tft.c:655:6:fillScreen	24	static
tft.c:660:6:invertDisplay	16	static
tft.c:686:7:drawFastVLine	32	static
tft.c:690:7:drawFastHLine	32	static
tft.c:695:6:writePixel	24	static
tft.c:700:6:writeLine	48	static
tft.c:741:6:drawLine	40	static
tft.c:754:6:drawCircle	40	static
tft.c:788:6:drawCircleHelper	48	static
tft.c:824:6:fillCircle	32	static
tft.c:830:6:fillCircleHelper	40	static
tft.c:867:6:drawRect	24	static
tft.c:875:6:fillRect	32	static
tft.c:924:6:drawRoundRect	48	static
tft.c:941:6:fillRoundRect	48	static
tft.c:953:6:drawTriangle	40	static
tft.c:961:6:fillTriangle	72	static
tft.c:1041:6:testFillScreen	8	static
tft.c:1050:6:testLines	56	static
tft.c:1093:6:testFastLines	32	static
tft.c:1102:6:testRects	56	static
tft.c:1116:6:testFilledRects	56	static
tft.c:1133:6:testFilledCircles	40	static
tft.c:1146:6:testCircles	40	static
tft.c:1162:6:testTriangles	64	static
tft.c:1178:6:testFilledTriangles	64	static
tft.c:1191:6:testRoundRects	72	static
tft.c:1208:6:testFilledRoundRects	64	static
tft.c:1226:6:drawChar	56	static
tft.c:1276:8:write	48	static
tft.c:1315:6:setFont	16	static
tft.c:1344:6:charBounds	64	static
tft.c:1414:6:getTextBounds	64	static
tft.c:1437:6:printnewtstr	32	static
tft.c:1446:6:printstr	16	static
tft.c:1451:6:setTextWrap	16	static
tft.c:1454:6:setTextColor	16	static
tft.c:1459:6:setTextSize	16	static
tft.c:1464:6:setCursor	16	static
tft.c:1470:9:getRotation	8	static
tft.c:1475:6:scrollup	32	static
tft.c:1489:6:scrolldown	32	static
