user_setting.h:37:6:delay	16	static
tft.c:8:6:PIN_INPUT	40	static
tft.c:18:6:PIN_OUTPUT	40	static
tft.c:54:10:width	8	static
tft.c:57:10:height	8	static
tft.c:74:10:color565	24	static
tft.c:76:10:readPixel	40	static
tft.c:82:6:WriteCmdData	16	static
tft.c:90:6:pushCommand	16	static
tft.c:118:6:setReadDir	8	static
tft.c:130:6:setWriteDir	8	static
tft.c:142:13:pushColors_any	56	static
tft.c:176:13:writecmddata	32	static
tft.c:184:13:WriteCmdParamN	32	static
tft.c:195:20:WriteCmdParam4	32	static
tft.c:205:13:init_table	56	static
tft.c:229:6:reset	8	static
tft.c:245:17:read16bits	16	static
tft.c:254:10:readReg	32	static
tft.c:272:10:readReg32	40	static
tft.c:279:10:readReg40	40	static
tft.c:287:6:tft_init	32	static
tft.c:333:10:readID	16	static
tft.c:340:9:readGRAM	56	static
tft.c:402:6:setRotation	40	static
tft.c:460:6:drawPixel	24	static
tft.c:469:6:setAddrWindow	32	static
tft.c:492:6:vertScroll	40	static
tft.c:530:6:pushColors16b	32	static
tft.c:535:6:pushColors8b	32	static
tft.c:540:6:pushColors4n	32	static
tft.c:545:6:fillScreen	24	static
tft.c:550:6:invertDisplay	16	static
tft.c:564:7:drawFastVLine	32	static
tft.c:568:7:drawFastHLine	32	static
tft.c:573:6:writePixel	24	static
tft.c:578:6:writeLine	48	static
tft.c:618:6:drawLine	40	static
tft.c:631:6:drawCircle	40	static
tft.c:665:6:drawCircleHelper	48	static
tft.c:701:6:fillCircle	32	static
tft.c:707:6:fillCircleHelper	40	static
tft.c:743:6:drawRect	24	static
tft.c:751:6:fillRect	32	static
tft.c:797:6:drawRoundRect	48	static
tft.c:814:6:fillRoundRect	48	static
tft.c:826:6:drawTriangle	40	static
tft.c:834:6:fillTriangle	72	static
tft.c:905:6:testFillScreen	8	static
tft.c:914:6:testLines	56	static
tft.c:957:6:testFastLines	32	static
tft.c:966:6:testRects	56	static
tft.c:980:6:testFilledRects	56	static
tft.c:997:6:testFilledCircles	40	static
tft.c:1009:6:testCircles	40	static
tft.c:1024:6:testTriangles	64	static
tft.c:1039:6:testFilledTriangles	64	static
tft.c:1054:6:testRoundRects	72	static
tft.c:1073:6:testFilledRoundRects	64	static
tft.c:1091:6:drawChar	56	static
tft.c:1143:8:write	48	static
tft.c:1180:6:setFont	16	static
tft.c:1201:6:charBounds	64	static
tft.c:1268:6:getTextBounds	64	static
tft.c:1297:6:printnewtstr	32	static
tft.c:1306:6:printstr	16	static
tft.c:1311:6:setTextWrap	16	static
tft.c:1316:6:setTextColor	16	static
tft.c:1321:6:setTextSize	16	static
tft.c:1326:6:setCursor	16	static
tft.c:1332:9:getRotation	8	static
tft.c:1337:6:scrollup	32	static
tft.c:1364:6:scrolldown	32	static
