user_setting.h:37:6:delay	16	static
tft.c:8:6:PIN_INPUT	40	static
tft.c:18:6:PIN_OUTPUT	40	static
tft.c:72:10:width	8	static
tft.c:75:10:height	8	static
tft.c:92:17:color565_to_555	16	static
tft.c:96:16:color565_to_r	16	static
tft.c:100:16:color565_to_g	16	static
tft.c:103:16:color565_to_b	16	static
tft.c:107:10:color565	24	static
tft.c:109:10:readPixel	40	static
tft.c:117:6:WriteCmdData	16	static
tft.c:125:6:pushCommand	16	static
tft.c:155:6:setReadDir	8	static
tft.c:167:6:setWriteDir	8	static
tft.c:180:13:pushColors_any	56	static
tft.c:215:13:write24	40	static
tft.c:225:13:writecmddata	32	static
tft.c:233:13:WriteCmdParamN	32	static
tft.c:248:20:WriteCmdParam4	32	static
tft.c:257:13:init_table	56	static
tft.c:281:6:reset	8	static
tft.c:298:17:read16bits	16	static
tft.c:307:10:readReg	32	static
tft.c:325:10:readReg32	40	static
tft.c:332:10:readReg40	40	static
tft.c:341:6:tft_init	32	static
tft.c:393:10:readID	16	static
tft.c:400:9:readGRAM	56	static
tft.c:464:6:setRotation	40	static
tft.c:577:6:drawPixel	32	static
tft.c:588:6:setAddrWindow	40	static
tft.c:618:6:vertScroll	40	static
tft.c:676:6:pushColors16b	32	static
tft.c:680:6:pushColors8b	32	static
tft.c:684:6:pushColors4n	32	static
tft.c:690:6:fillScreen	24	static
tft.c:695:6:invertDisplay	24	static
tft.c:730:7:drawFastVLine	32	static
tft.c:734:7:drawFastHLine	32	static
tft.c:739:6:writePixel	24	static
tft.c:744:6:writeLine	48	static
tft.c:785:6:drawLine	40	static
tft.c:798:6:drawCircle	40	static
tft.c:832:6:drawCircleHelper	48	static
tft.c:868:6:fillCircle	32	static
tft.c:874:6:fillCircleHelper	40	static
tft.c:911:6:drawRect	24	static
tft.c:919:6:fillRect	32	static
tft.c:968:6:drawRoundRect	48	static
tft.c:985:6:fillRoundRect	48	static
tft.c:997:6:drawTriangle	40	static
tft.c:1005:6:fillTriangle	72	static
tft.c:1085:6:testFillScreen	8	static
tft.c:1094:6:testLines	56	static
tft.c:1137:6:testFastLines	32	static
tft.c:1146:6:testRects	56	static
tft.c:1160:6:testFilledRects	56	static
tft.c:1177:6:testFilledCircles	40	static
tft.c:1190:6:testCircles	40	static
tft.c:1206:6:testTriangles	64	static
tft.c:1222:6:testFilledTriangles	64	static
tft.c:1235:6:testRoundRects	72	static
tft.c:1252:6:testFilledRoundRects	64	static
tft.c:1270:6:drawChar	56	static
tft.c:1320:8:write	48	static
tft.c:1359:6:setFont	16	static
tft.c:1388:6:charBounds	64	static
tft.c:1458:6:getTextBounds	64	static
tft.c:1481:6:printnewtstr	32	static
tft.c:1490:6:printstr	16	static
tft.c:1495:6:setTextWrap	16	static
tft.c:1498:6:setTextColor	16	static
tft.c:1503:6:setTextSize	16	static
tft.c:1508:6:setCursor	16	static
tft.c:1514:9:getRotation	8	static
tft.c:1519:6:scrollup	32	static
tft.c:1533:6:scrolldown	32	static
