user_setting.h:37:6:delay	16	static
tft.c:8:6:PIN_INPUT	40	static
tft.c:18:6:PIN_OUTPUT	40	static
tft.c:54:10:width	8	static
tft.c:57:10:height	8	static
tft.c:74:16:color565_to_r	16	static
tft.c:78:16:color565_to_g	16	static
tft.c:81:16:color565_to_b	16	static
tft.c:85:10:color565	24	static
tft.c:87:10:readPixel	40	static
tft.c:95:6:WriteCmdData	16	static
tft.c:103:6:pushCommand	16	static
tft.c:131:6:setReadDir	8	static
tft.c:143:6:setWriteDir	8	static
tft.c:156:13:pushColors_any	56	static
tft.c:190:13:writecmddata	32	static
tft.c:198:13:WriteCmdParamN	32	static
tft.c:209:20:WriteCmdParam4	32	static
tft.c:218:13:init_table	56	static
tft.c:242:6:reset	8	static
tft.c:258:17:read16bits	16	static
tft.c:267:10:readReg	32	static
tft.c:285:10:readReg32	40	static
tft.c:292:10:readReg40	40	static
tft.c:300:6:tft_init	32	static
tft.c:346:10:readID	16	static
tft.c:353:9:readGRAM	56	static
tft.c:415:6:setRotation	40	static
tft.c:473:6:drawPixel	24	static
tft.c:482:6:setAddrWindow	32	static
tft.c:505:6:vertScroll	40	static
tft.c:543:6:pushColors16b	32	static
tft.c:548:6:pushColors8b	32	static
tft.c:553:6:pushColors4n	32	static
tft.c:558:6:fillScreen	24	static
tft.c:563:6:invertDisplay	16	static
tft.c:577:7:drawFastVLine	32	static
tft.c:581:7:drawFastHLine	32	static
tft.c:586:6:writePixel	24	static
tft.c:591:6:writeLine	48	static
tft.c:631:6:drawLine	40	static
tft.c:644:6:drawCircle	40	static
tft.c:678:6:drawCircleHelper	48	static
tft.c:714:6:fillCircle	32	static
tft.c:720:6:fillCircleHelper	40	static
tft.c:756:6:drawRect	24	static
tft.c:764:6:fillRect	32	static
tft.c:810:6:drawRoundRect	48	static
tft.c:827:6:fillRoundRect	48	static
tft.c:839:6:drawTriangle	40	static
tft.c:847:6:fillTriangle	72	static
tft.c:918:6:testFillScreen	8	static
tft.c:927:6:testLines	56	static
tft.c:970:6:testFastLines	32	static
tft.c:979:6:testRects	56	static
tft.c:993:6:testFilledRects	56	static
tft.c:1010:6:testFilledCircles	40	static
tft.c:1022:6:testCircles	40	static
tft.c:1037:6:testTriangles	64	static
tft.c:1052:6:testFilledTriangles	64	static
tft.c:1067:6:testRoundRects	72	static
tft.c:1086:6:testFilledRoundRects	64	static
tft.c:1104:6:drawChar	56	static
tft.c:1156:8:write	48	static
tft.c:1193:6:setFont	16	static
tft.c:1214:6:charBounds	64	static
tft.c:1281:6:getTextBounds	64	static
tft.c:1310:6:printnewtstr	32	static
tft.c:1319:6:printstr	16	static
tft.c:1324:6:setTextWrap	16	static
tft.c:1329:6:setTextColor	16	static
tft.c:1334:6:setTextSize	16	static
tft.c:1339:6:setCursor	16	static
tft.c:1345:9:getRotation	8	static
tft.c:1350:6:scrollup	32	static
tft.c:1377:6:scrolldown	32	static
