user_setting.h:37:6:delay	16	static
tft.c:8:6:PIN_LOW	16	static
tft.c:13:6:PIN_HIGH	16	static
tft.c:18:6:PIN_INPUT	40	static
tft.c:28:6:PIN_OUTPUT	40	static
tft.c:82:10:width	8	static
tft.c:85:10:height	8	static
tft.c:102:17:color565_to_555	16	static
tft.c:106:16:color565_to_r	16	static
tft.c:110:16:color565_to_g	16	static
tft.c:113:16:color565_to_b	16	static
tft.c:117:10:color565	24	static
tft.c:119:10:readPixel	40	static
tft.c:127:6:WriteCmdData	16	static
tft.c:135:6:pushCommand	16	static
tft.c:165:6:setReadDir	8	static
tft.c:177:6:setWriteDir	8	static
tft.c:190:13:pushColors_any	56	static
tft.c:225:13:write24	40	static
tft.c:235:13:writecmddata	32	static
tft.c:243:13:WriteCmdParamN	32	static
tft.c:258:20:WriteCmdParam4	32	static
tft.c:267:13:init_table	56	static
tft.c:291:6:reset	8	static
tft.c:308:17:read16bits	16	static
tft.c:317:10:readReg	32	static
tft.c:335:10:readReg32	40	static
tft.c:342:10:readReg40	40	static
tft.c:351:6:tft_init	32	static
tft.c:403:10:readID	16	static
tft.c:411:9:readGRAM	56	static
tft.c:475:6:setRotation	40	static
tft.c:588:6:drawPixel	32	static
tft.c:599:6:setAddrWindow	40	static
tft.c:629:6:vertScroll	40	static
tft.c:687:6:pushColors16b	32	static
tft.c:691:6:pushColors8b	32	static
tft.c:695:6:pushColors4n	32	static
tft.c:701:6:fillScreen	24	static
tft.c:706:6:invertDisplay	24	static
tft.c:741:7:drawFastVLine	32	static
tft.c:745:7:drawFastHLine	32	static
tft.c:750:6:writePixel	24	static
tft.c:755:6:writeLine	48	static
tft.c:796:6:drawLine	40	static
tft.c:809:6:drawCircle	40	static
tft.c:843:6:drawCircleHelper	48	static
tft.c:879:6:fillCircle	32	static
tft.c:885:6:fillCircleHelper	40	static
tft.c:922:6:drawRect	24	static
tft.c:930:6:fillRect	32	static
tft.c:979:6:drawRoundRect	48	static
tft.c:996:6:fillRoundRect	48	static
tft.c:1008:6:drawTriangle	40	static
tft.c:1016:6:fillTriangle	72	static
tft.c:1096:6:testFillScreen	8	static
tft.c:1105:6:testLines	56	static
tft.c:1148:6:testFastLines	32	static
tft.c:1157:6:testRects	56	static
tft.c:1171:6:testFilledRects	56	static
tft.c:1188:6:testFilledCircles	40	static
tft.c:1201:6:testCircles	40	static
tft.c:1217:6:testTriangles	64	static
tft.c:1233:6:testFilledTriangles	64	static
tft.c:1246:6:testRoundRects	72	static
tft.c:1263:6:testFilledRoundRects	64	static
tft.c:1281:6:drawChar	56	static
tft.c:1331:8:write	48	static
tft.c:1370:6:setFont	16	static
tft.c:1399:6:charBounds	64	static
tft.c:1469:6:getTextBounds	64	static
tft.c:1492:6:printnewtstr	32	static
tft.c:1501:6:printstr	16	static
tft.c:1506:6:setTextWrap	16	static
tft.c:1511:6:setTextColor	16	static
tft.c:1516:6:setTextSize	16	static
tft.c:1521:6:setCursor	16	static
tft.c:1527:9:getRotation	8	static
tft.c:1532:6:scrollup	32	static
tft.c:1546:6:scrolldown	32	static
